2026.07.24 22:30:34 INFO  Started: Metals version 1.6.7 in folders '/Users/werner/github.com/wstein/java2kotlin-vendor-artifacts' for client Visual Studio Code 1.130.0.[0m
2026.07.24 22:30:34 INFO  Memory monitor started[0m
2026.07.24 22:30:35 WARN  Using H2 2.4.240 which is newer than the version Flyway has been verified with. The latest verified version of H2 is 2.3.232.[0m
2026.07.24 22:30:36 INFO  Running List(/opt/homebrew/bin/scala-cli, setup-ide, /Users/werner/github.com/wstein/java2kotlin-vendor-artifacts)[0m
2026.07.24 22:30:36 INFO  Attempting to connect to the build server...[0m
2026.07.24 22:30:36 INFO  Running BSP server List(/opt/homebrew/bin/scala-cli, bsp, --json-options, /Users/werner/github.com/wstein/java2kotlin-vendor-artifacts/.scala-build/ide-options-v2.json, --json-launcher-options, /Users/werner/github.com/wstein/java2kotlin-vendor-artifacts/.scala-build/ide-launcher-options.json, --envs-file, /Users/werner/github.com/wstein/java2kotlin-vendor-artifacts/.scala-build/ide-envs.json, /Users/werner/github.com/wstein/java2kotlin-vendor-artifacts)[0m
2026.07.24 22:30:36 INFO  tracing is disabled for protocol BSP, to enable tracing of incoming and outgoing JSON messages create an empty file at /Users/werner/github.com/wstein/java2kotlin-vendor-artifacts/.metals/bsp.trace.json or /Users/werner/Library/Caches/org.scalameta.metals/bsp.trace.json[0m
2026.07.24 22:30:36 INFO  BSP server: Starting compilation server[0m
2026.07.24 22:30:38 INFO  time: Connected to build server in 1.88s[0m
2026.07.24 22:30:38 INFO  Connected to Build server: scala-cli v1.15.0[0m
2026.07.24 22:30:38 INFO  compiling java2kotlin-vendor-artifacts_41e103cfb2 (2 scala sources and 6 java sources)[0m
2026.07.24 22:30:40 INFO  time: compiled java2kotlin-vendor-artifacts_41e103cfb2 in 1.46s[0m
2026.07.24 22:30:40 INFO  compiling java2kotlin-vendor-artifacts_41e103cfb2 (2 scala sources and 6 java sources)[0m
2026.07.24 22:30:40 INFO  time: compiled java2kotlin-vendor-artifacts_41e103cfb2 in 0.43s[0m
2026.07.24 22:30:40 WARN  Using H2 2.4.240 which is newer than the version Flyway has been verified with. The latest verified version of H2 is 2.3.232.[0m
2026.07.24 22:30:40 INFO  time: indexed workspace in 2.94s[0m
Jul 24, 2026 10:30:45 PM org.eclipse.lsp4j.jsonrpc.RemoteEndpoint handleNotification
WARNING: Notification threw an exception: {
  "jsonrpc": "2.0",
  "method": "metals/didFocusTextDocument",
  "params": [
    "git-graph:/file.java?eyJmaWxlUGF0aCI6ImZhY2FkZS9zcmMvbWFpbi9qYXZhL2NhL3V3YXRlcmxvby9mbGl4L29wZW5yZXdyaXRlL0ZsaXhDc3RUb2tlbi5qYXZhIiwiY29tbWl0IjoiNWVmZDg5OTlkNGVhZTdjYmNhMmNlN2RhMmY3MTA1NmQyYTIyZjMxNyIsInJlcG8iOiIvVXNlcnMvd2VybmVyL2dpdGh1Yi5jb20vd3N0ZWluL2phdmEya290bGluLXZlbmRvci1hcnRpZmFjdHMiLCJleGlzdHMiOnRydWV9"
  ]
}
java.nio.file.FileSystemNotFoundException: Provider "git-graph" not installed
	at java.base/java.nio.file.Path.of(Path.java:210)
	at java.base/java.nio.file.Paths.get(Paths.java:95)
	at scala.meta.internal.mtags.MtagsEnrichments$XtensionURIMtags.toAbsolutePath(MtagsEnrichments.scala:149)
	at scala.meta.internal.mtags.MtagsEnrichments$XtensionStringMtags.toAbsolutePath(MtagsEnrichments.scala:209)
	at scala.meta.internal.metals.MetalsEnrichments$XtensionString.toAbsolutePath(MetalsEnrichments.scala:787)
	at scala.meta.internal.metals.MetalsEnrichments$XtensionString.toAbsolutePath(MetalsEnrichments.scala:784)
	at scala.meta.internal.metals.WorkspaceLspService.didFocus(WorkspaceLspService.scala:808)
	at scala.meta.metals.lsp.DelegatingScalaService.didFocus(DelegatingScalaService.scala:42)
	at java.base/jdk.internal.reflect.DirectMethodHandleAccessor.invoke(DirectMethodHandleAccessor.java:104)
	at java.base/java.lang.reflect.Method.invoke(Method.java:565)
	at org.eclipse.lsp4j.jsonrpc.services.GenericEndpoint.lambda$recursiveFindRpcMethods$0(GenericEndpoint.java:65)
	at org.eclipse.lsp4j.jsonrpc.services.GenericEndpoint.notify(GenericEndpoint.java:160)
	at org.eclipse.lsp4j.jsonrpc.RemoteEndpoint.handleNotification(RemoteEndpoint.java:225)
	at org.eclipse.lsp4j.jsonrpc.RemoteEndpoint.consume(RemoteEndpoint.java:192)
	at org.eclipse.lsp4j.jsonrpc.json.StreamMessageProducer.handleMessage(StreamMessageProducer.java:189)
	at org.eclipse.lsp4j.jsonrpc.json.StreamMessageProducer.listen(StreamMessageProducer.java:97)
	at org.eclipse.lsp4j.jsonrpc.json.ConcurrentMessageProcessor.run(ConcurrentMessageProcessor.java:97)
	at java.base/java.util.concurrent.Executors$RunnableAdapter.call(Executors.java:545)
	at java.base/java.util.concurrent.FutureTask.run(FutureTask.java:328)
	at java.base/java.util.concurrent.ThreadPoolExecutor.runWorker(ThreadPoolExecutor.java:1090)
	at java.base/java.util.concurrent.ThreadPoolExecutor$Worker.run(ThreadPoolExecutor.java:614)
	at java.base/java.lang.Thread.run(Thread.java:1474)

Jul 24, 2026 10:31:11 PM org.eclipse.lsp4j.jsonrpc.RemoteEndpoint handleNotification
WARNING: Notification threw an exception: {
  "jsonrpc": "2.0",
  "method": "metals/didFocusTextDocument",
  "params": [
    "git-graph:/file.scala?eyJmaWxlUGF0aCI6ImZhY2FkZS9zcmMvbWFpbi9zY2FsYS9jYS91d2F0ZXJsb28vZmxpeC9vcGVucmV3cml0ZS9GbGl4RnJvbnRFbmQuc2NhbGEiLCJjb21taXQiOiI1ZWZkODk5OWQ0ZWFlN2NiY2EyY2U3ZGEyZjcxMDU2ZDJhMjJmMzE3IiwicmVwbyI6Ii9Vc2Vycy93ZXJuZXIvZ2l0aHViLmNvbS93c3RlaW4vamF2YTJrb3RsaW4tdmVuZG9yLWFydGlmYWN0cyIsImV4aXN0cyI6dHJ1ZX0%3D"
  ]
}
java.nio.file.FileSystemNotFoundException: Provider "git-graph" not installed
	at java.base/java.nio.file.Path.of(Path.java:210)
	at java.base/java.nio.file.Paths.get(Paths.java:95)
	at scala.meta.internal.mtags.MtagsEnrichments$XtensionURIMtags.toAbsolutePath(MtagsEnrichments.scala:149)
	at scala.meta.internal.mtags.MtagsEnrichments$XtensionStringMtags.toAbsolutePath(MtagsEnrichments.scala:209)
	at scala.meta.internal.metals.MetalsEnrichments$XtensionString.toAbsolutePath(MetalsEnrichments.scala:787)
	at scala.meta.internal.metals.MetalsEnrichments$XtensionString.toAbsolutePath(MetalsEnrichments.scala:784)
	at scala.meta.internal.metals.WorkspaceLspService.didFocus(WorkspaceLspService.scala:808)
	at scala.meta.metals.lsp.DelegatingScalaService.didFocus(DelegatingScalaService.scala:42)
	at java.base/jdk.internal.reflect.DirectMethodHandleAccessor.invoke(DirectMethodHandleAccessor.java:104)
	at java.base/java.lang.reflect.Method.invoke(Method.java:565)
	at org.eclipse.lsp4j.jsonrpc.services.GenericEndpoint.lambda$recursiveFindRpcMethods$0(GenericEndpoint.java:65)
	at org.eclipse.lsp4j.jsonrpc.services.GenericEndpoint.notify(GenericEndpoint.java:160)
	at org.eclipse.lsp4j.jsonrpc.RemoteEndpoint.handleNotification(RemoteEndpoint.java:225)
	at org.eclipse.lsp4j.jsonrpc.RemoteEndpoint.consume(RemoteEndpoint.java:192)
	at org.eclipse.lsp4j.jsonrpc.json.StreamMessageProducer.handleMessage(StreamMessageProducer.java:189)
	at org.eclipse.lsp4j.jsonrpc.json.StreamMessageProducer.listen(StreamMessageProducer.java:97)
	at org.eclipse.lsp4j.jsonrpc.json.ConcurrentMessageProcessor.run(ConcurrentMessageProcessor.java:97)
	at java.base/java.util.concurrent.Executors$RunnableAdapter.call(Executors.java:545)
	at java.base/java.util.concurrent.FutureTask.run(FutureTask.java:328)
	at java.base/java.util.concurrent.ThreadPoolExecutor.runWorker(ThreadPoolExecutor.java:1090)
	at java.base/java.util.concurrent.ThreadPoolExecutor$Worker.run(ThreadPoolExecutor.java:614)
	at java.base/java.lang.Thread.run(Thread.java:1474)

2026.07.24 22:51:52 INFO  compiling java2kotlin-vendor-artifacts_41e103cfb2 (2 scala sources and 6 java sources)[0m
2026.07.24 22:51:52 INFO  time: compiled java2kotlin-vendor-artifacts_41e103cfb2 in 0.78s[0m
